// Jest Snapshot v1, https://goo.gl/fbAQLP

exports[`Selects phrase correctly 1`] = `
<div>
  
  <strong
    class="selection"
  >
    Inter
  </strong>
  stellar
</div>
`;
